A_72_PV_10_EN.pdf 12 0
A_72_PV_11_EN.pdf 9 0
A_72_PV_12_EN.pdf 10 0
A_72_PV_13_EN.pdf 9 0
A_72_PV_14_EN.pdf 13 0
A_72_PV_15_EN.pdf 10 0
A_72_PV_16_EN.pdf 10 0
A_72_PV_17_EN.pdf 9 0
A_72_PV_18_EN.pdf 11 0
A_72_PV_19_EN.pdf 9 0
A_72_PV_20_EN.pdf 9 0
A_72_PV_21_EN.pdf 10 0
A_72_PV_22_EN.pdf 4 0
A_72_PV_23_EN.pdf 10 0
A_72_PV_3_EN.pdf 7 0
A_72_PV_4_EN.pdf 9 0
A_72_PV_5_EN.pdf 8 0
A_72_PV_6_EN.pdf 9 0
A_72_PV_7_EN.pdf 10 1
A_72_PV_8_EN.pdf 9 0
A_72_PV_9_EN.pdf 8 0
A_73_PV_10_EN.pdf 18 0
A_73_PV_11_EN.pdf 21 0
A_73_PV_12_EN.pdf 20 0
A_73_PV_13_EN.pdf 20 0
A_73_PV_14_EN.pdf 18 0
A_73_PV_15_EN.pdf 13 0
A_73_PV_16_EN.pdf 12 0
A_73_PV_6_EN.pdf 15 0
A_73_PV_7_EN.pdf 19 0
A_73_PV_8_EN.pdf 20 0
A_73_PV_9_EN.pdf 19 0
A_74_PV_10_EN.pdf 17 0
A_74_PV_11_EN.pdf 18 0
A_74_PV_12_EN.pdf 15 0
A_74_PV_13_EN.pdf 12 0
A_74_PV_3_EN.pdf 16 0
A_74_PV_4_EN.pdf 21 0
A_74_PV_5_EN.pdf 20 0
A_74_PV_6_EN.pdf 18 0
A_74_PV_7_EN.pdf 16 0
A_74_PV_8_EN.pdf 21 0
A_74_PV_9_EN.pdf 20 0
A_75_PV_10_EN.pdf 16 0
A_75_PV_11_EN.pdf 17 0
A_75_PV_12_EN.pdf 19 0
A_75_PV_13_EN.pdf 14 0
A_75_PV_14_EN.pdf 18 0
A_75_PV_15_EN.pdf 9 0
A_75_PV_4_EN.pdf 14 0
A_75_PV_5_EN.pdf 18 0
A_75_PV_6_EN.pdf 20 0
A_75_PV_7_EN.pdf 15 0
A_75_PV_8_EN.pdf 17 0
A_75_PV_9_EN.pdf 16 0
A_76_PV_10_EN.pdf 18 0
A_76_PV_11_EN.pdf 18 0
A_76_PV_12_EN.pdf 19 0
A_76_PV_13_EN.pdf 17 0
A_76_PV_14_EN.pdf 17 0
A_76_PV_15_EN.pdf 9 0
A_76_PV_16_EN.pdf 19 0
A_76_PV_17_EN.pdf 12 0
A_76_PV_3_EN.pdf 17 0
A_76_PV_4_EN.pdf 18 0
A_76_PV_5_EN.pdf 0 1
A_76_PV_6_EN.pdf 13 0
A_76_PV_7_EN.pdf 9 0
A_76_PV_8_EN.pdf 0 1
A_76_PV_9_EN.pdf 8 0
A_77_PV_10_EN.pdf 19 0
A_77_PV_11_EN.pdf 16 0
A_77_PV_12_EN.pdf 19 0
A_77_PV_13_EN.pdf 14 0
A_77_PV_14_EN.pdf 20 0
A_77_PV_4_EN.pdf 15 0
A_77_PV_5_EN.pdf 18 0
A_77_PV_6_EN.pdf 18 0
A_77_PV_7_EN.pdf 19 0
A_77_PV_8_EN.pdf 17 0
A_77_PV_9_EN.pdf 17 0
A_78_PV_10_EN.pdf 17 0
A_78_PV_11_EN.pdf 17 0
A_78_PV_12_EN.pdf 17 0
A_78_PV_13_EN.pdf 13 0
A_78_PV_14_EN.pdf 14 0
A_78_PV_4_EN.pdf 17 0
A_78_PV_5_EN.pdf 18 0
A_78_PV_6_EN.pdf 20 0
A_78_PV_7_EN.pdf 20 0
A_78_PV_8_EN.pdf 18 0
A_78_PV_9_EN.pdf 20 0
A_79_PV_10_EN.pdf 17 0
A_79_PV_11_EN.pdf 18 0
A_79_PV_12_EN.pdf 19 0
A_79_PV_13_EN.pdf 17 0
A_79_PV_14_EN.pdf 20 0
A_79_PV_15_EN.pdf 18 0
A_79_PV_16_EN.pdf 12 0
A_79_PV_17_EN.pdf 18 0
A_79_PV_7_EN.pdf 15 0
A_79_PV_8_EN.pdf 18 0
A_79_PV_9_EN.pdf 20 0
UNGA2025_day1_EN_ASR.json 37 0
UNGA2025_day2_EN_ASR.json 38 0
UNGA2025_day3_EN_ASR.json 39 0
UNGA2025_day4_EN_ASR.json 33 0
UNGA2025_day5_EN_ASR.json 29 0
UNGA2025_day6_EN_ASR.txt 17 5
UNGA2026_day1_EN_ASR.json 31 0
UNGA2026_day2_EN_ASR.json 39 0
UNGA2026_day3_EN_ASR.json 34 0
UNGA2026_day4_EN_ASR.json 37 0
UNGA2026_day5_EN_ASR.json 32 0
UNGA2026_day6_EN_ASR.json 20 0
{"2017": {"accepted": 193}, "2018": {"accepted": 193}, "2019": {"accepted": 192, "not_obtained_or_no_main_address": 1}, "2020": {"accepted": 190, "not_obtained_or_no_main_address": 3}, "2021": {"accepted": 191, "not_obtained_or_no_main_address": 2}, "2022": {"accepted": 190, "not_obtained_or_no_main_address": 3}, "2023": {"accepted": 189, "not_obtained_or_no_main_address": 4}, "2024": {"accepted": 190, "not_obtained_or_no_main_address": 3}, "2025": {"accepted": 189, "not_obtained_or_no_main_address": 4}, "2026": {"accepted": 191, "not_obtained_or_no_main_address": 2}}
{"rows": 1908, "issues": 0, "remaining_pdf_duplicate_groups": 0}
